2023-08-07 13:58:47.097	[35mDEBUG[0m	This is a debug message
2023-08-07 13:58:47.109	[34mINFO[0m	This is a info message	{"int_key": 10}
2023-08-07 13:58:47.109	[33mWARN[0m	This is a formatted warn message
2023-08-07 13:58:47.109	[31mERROR[0m	Message printed with Errorw	{"X-Request-ID": "fbf54504-64da-4088-9b86-67824a7fb508"}
2023-08-07 13:58:47.109	[34mINFO[0m	Info message printed with [WithValues] logger	{"X-Request-ID": "7a7b9f24-4cae-4b2a-9464-69088b45b904"}
2023-08-07 13:58:47.109	[34mINFO[0m	Debug message printed with [WithValues] logger	{"X-Request-ID": "7a7b9f24-4cae-4b2a-9464-69088b45b904"}
2023-08-07 13:58:47.109	[34mINFO[0m	Message printed with [WithContext] logger	{"X-Request-ID": "7a7b9f24-4cae-4b2a-9464-69088b45b904"}
2023-08-07 13:58:47.110	[34mINFO[0m	test	Message printed with [WithName] logger	{"X-Request-ID": "7a7b9f24-4cae-4b2a-9464-69088b45b904"}
2023-08-07 13:58:47.110	[31mPANIC[0m	This is a V level message
main.main
	D:/terminator/go/terminator/pkg/log/example/example.go:63
runtime.main
	C:/Program Files/Go/src/runtime/proc.go:250
